// Jest Snapshot v1, https://goo.gl/fbAQLP

exports[`Componentes - MessageList Should render correctly 1`] = `[Function]`;
