// Jest Snapshot v1, https://goo.gl/fbAQLP

exports[`Componentes - Message Should render correctly 1`] = `[Function]`;
