// Jest Snapshot v1, https://goo.gl/fbAQLP

exports[`Componentes - Tipping Should render correctly 1`] = `[Function]`;
